[2025-06-23 16:05:28] local.ERROR: Uncaught InvalidArgumentException: Please provide a valid cache path. in C:\Users\Taha Ahmed\OneDrive\Desktop\coding\laravel\Personal-Portfolio\vendor\laravel\framework\src\Illuminate\View\Compilers\Compiler.php:67
Stack trace:
#0 C:\Users\Taha Ahmed\OneDrive\Desktop\coding\laravel\Personal-Portfolio\vendor\laravel\framework\src\Illuminate\View\ViewServiceProvider.php(97): Illuminate\View\Compilers\Compiler->__construct(Object(Illuminate\Filesystem\Filesystem), false, '', true, 'php')
#1 C:\Users\Taha Ahmed\OneDrive\Desktop\coding\laravel\Personal-Portfolio\vendor\laravel\framework\src\Illuminate\Container\Container.php(931): Illuminate\View\ViewServiceProvider->Illuminate\View\{closure}(Object(Illuminate\Foundation\Application), Array)
#2 C:\Users\Taha Ahmed\OneDrive\Desktop\coding\laravel\Personal-Portfolio\vendor\laravel\framework\src\Illuminate\Container\Container.php(815): Illuminate\Container\Container->build(Object(Closure))
#3 C:\Users\Taha Ahmed\OneDrive\Desktop\coding\laravel\Personal-Portfolio\vendor\laravel\framework\src\Illuminate\Foundation\Application.php(1046): Illuminate\Container\Container->resolve('blade.compiler', Array, true)
#4 C:\Users\Taha Ahmed\OneDrive\Desktop\coding\laravel\Personal-Portfolio\vendor\laravel\framework\src\Illuminate\Container\Container.php(751): Illuminate\Foundation\Application->resolve('blade.compiler', Array)
#5 C:\Users\Taha Ahmed\OneDrive\Desktop\coding\laravel\Personal-Portfolio\vendor\laravel\framework\src\Illuminate\Foundation\Application.php(1028): Illuminate\Container\Container->make('blade.compiler', Array)
#6 C:\Users\Taha Ahmed\OneDrive\Desktop\coding\laravel\Personal-Portfolio\vendor\laravel\framework\src\Illuminate\Foundation\helpers.php(124): Illuminate\Foundation\Application->make('blade.compiler', Array)
#7 Command line code(1): app('Illuminate\\View...')
#8 {main}
  thrown {"exception":"[object] (Symfony\\Component\\ErrorHandler\\Error\\FatalError(code: 0): Uncaught InvalidArgumentException: Please provide a valid cache path. in C:\\Users\\Taha Ahmed\\OneDrive\\Desktop\\coding\\laravel\\Personal-Portfolio\\vendor\\laravel\\framework\\src\\Illuminate\\View\\Compilers\\Compiler.php:67
Stack trace:
#0 C:\\Users\\Taha Ahmed\\OneDrive\\Desktop\\coding\\laravel\\Personal-Portfolio\\vendor\\laravel\\framework\\src\\Illuminate\\View\\ViewServiceProvider.php(97): Illuminate\\View\\Compilers\\Compiler->__construct(Object(Illuminate\\Filesystem\\Filesystem), false, '', true, 'php')
#1 C:\\Users\\Taha Ahmed\\OneDrive\\Desktop\\coding\\laravel\\Personal-Portfolio\\vendor\\laravel\\framework\\src\\Illuminate\\Container\\Container.php(931): Illuminate\\View\\ViewServiceProvider->Illuminate\\View\\{closure}(Object(Illuminate\\Foundation\\Application), Array)
#2 C:\\Users\\Taha Ahmed\\OneDrive\\Desktop\\coding\\laravel\\Personal-Portfolio\\vendor\\laravel\\framework\\src\\Illuminate\\Container\\Container.php(815): Illuminate\\Container\\Container->build(Object(Closure))
#3 C:\\Users\\Taha Ahmed\\OneDrive\\Desktop\\coding\\laravel\\Personal-Portfolio\\vendor\\laravel\\framework\\src\\Illuminate\\Foundation\\Application.php(1046): Illuminate\\Container\\Container->resolve('blade.compiler', Array, true)
#4 C:\\Users\\Taha Ahmed\\OneDrive\\Desktop\\coding\\laravel\\Personal-Portfolio\\vendor\\laravel\\framework\\src\\Illuminate\\Container\\Container.php(751): Illuminate\\Foundation\\Application->resolve('blade.compiler', Array)
#5 C:\\Users\\Taha Ahmed\\OneDrive\\Desktop\\coding\\laravel\\Personal-Portfolio\\vendor\\laravel\\framework\\src\\Illuminate\\Foundation\\Application.php(1028): Illuminate\\Container\\Container->make('blade.compiler', Array)
#6 C:\\Users\\Taha Ahmed\\OneDrive\\Desktop\\coding\\laravel\\Personal-Portfolio\\vendor\\laravel\\framework\\src\\Illuminate\\Foundation\\helpers.php(124): Illuminate\\Foundation\\Application->make('blade.compiler', Array)
#7 Command line code(1): app('Illuminate\\\\View...')
#8 {main}
  thrown at C:\\Users\\Taha Ahmed\\OneDrive\\Desktop\\coding\\laravel\\Personal-Portfolio\\vendor\\laravel\\framework\\src\\Illuminate\\View\\Compilers\\Compiler.php:67)
[stacktrace]
#0 {main}
"} 
[2025-06-23 16:06:45] local.ERROR: View path not found. {"exception":"[object] (RuntimeException(code: 0): View path not found. at C:\\Users\\Taha Ahmed\\OneDrive\\Desktop\\coding\\laravel\\Personal-Portfolio\\vendor\\laravel\\framework\\src\\Illuminate\\Foundation\\Console\\ViewClearCommand.php:59)
[stacktrace]
#0 C:\\Users\\Taha Ahmed\\OneDrive\\Desktop\\coding\\laravel\\Personal-Portfolio\\vendor\\laravel\\framework\\src\\Illuminate\\Container\\BoundMethod.php(36): Illuminate\\Foundation\\Console\\ViewClearCommand->handle()
#1 C:\\Users\\Taha Ahmed\\OneDrive\\Desktop\\coding\\laravel\\Personal-Portfolio\\vendor\\laravel\\framework\\src\\Illuminate\\Container\\Util.php(41): Illuminate\\Container\\BoundMethod::Illuminate\\Container\\{closure}()
#2 C:\\Users\\Taha Ahmed\\OneDrive\\Desktop\\coding\\laravel\\Personal-Portfolio\\vendor\\laravel\\framework\\src\\Illuminate\\Container\\BoundMethod.php(93): Illuminate\\Container\\Util::unwrapIfClosure(Object(Closure))
#3 C:\\Users\\Taha Ahmed\\OneDrive\\Desktop\\coding\\laravel\\Personal-Portfolio\\vendor\\laravel\\framework\\src\\Illuminate\\Container\\BoundMethod.php(35): Illuminate\\Container\\BoundMethod::callBoundMethod(Object(Illuminate\\Foundation\\Application), Array, Object(Closure))
#4 C:\\Users\\Taha Ahmed\\OneDrive\\Desktop\\coding\\laravel\\Personal-Portfolio\\vendor\\laravel\\framework\\src\\Illuminate\\Container\\Container.php(690): Illuminate\\Container\\BoundMethod::call(Object(Illuminate\\Foundation\\Application), Array, Array, NULL)
#5 C:\\Users\\Taha Ahmed\\OneDrive\\Desktop\\coding\\laravel\\Personal-Portfolio\\vendor\\laravel\\framework\\src\\Illuminate\\Console\\Command.php(213): Illuminate\\Container\\Container->call(Array)
#6 C:\\Users\\Taha Ahmed\\OneDrive\\Desktop\\coding\\laravel\\Personal-Portfolio\\vendor\\symfony\\console\\Command\\Command.php(279): Illuminate\\Console\\Command->execute(Object(Symfony\\Component\\Console\\Input\\ArgvInput), Object(Illuminate\\Console\\OutputStyle))
#7 C:\\Users\\Taha Ahmed\\OneDrive\\Desktop\\coding\\laravel\\Personal-Portfolio\\vendor\\laravel\\framework\\src\\Illuminate\\Console\\Command.php(182): Symfony\\Component\\Console\\Command\\Command->run(Object(Symfony\\Component\\Console\\Input\\ArgvInput), Object(Illuminate\\Console\\OutputStyle))
#8 C:\\Users\\Taha Ahmed\\OneDrive\\Desktop\\coding\\laravel\\Personal-Portfolio\\vendor\\symfony\\console\\Application.php(1047): Illuminate\\Console\\Command->run(Object(Symfony\\Component\\Console\\Input\\ArgvInput), Object(Symfony\\Component\\Console\\Output\\ConsoleOutput))
#9 C:\\Users\\Taha Ahmed\\OneDrive\\Desktop\\coding\\laravel\\Personal-Portfolio\\vendor\\symfony\\console\\Application.php(316): Symfony\\Component\\Console\\Application->doRunCommand(Object(Illuminate\\Foundation\\Console\\ViewClearCommand), Object(Symfony\\Component\\Console\\Input\\ArgvInput), Object(Symfony\\Component\\Console\\Output\\ConsoleOutput))
#10 C:\\Users\\Taha Ahmed\\OneDrive\\Desktop\\coding\\laravel\\Personal-Portfolio\\vendor\\symfony\\console\\Application.php(167): Symfony\\Component\\Console\\Application->doRun(Object(Symfony\\Component\\Console\\Input\\ArgvInput), Object(Symfony\\Component\\Console\\Output\\ConsoleOutput))
#11 C:\\Users\\Taha Ahmed\\OneDrive\\Desktop\\coding\\laravel\\Personal-Portfolio\\vendor\\laravel\\framework\\src\\Illuminate\\Foundation\\Console\\Kernel.php(197): Symfony\\Component\\Console\\Application->run(Object(Symfony\\Component\\Console\\Input\\ArgvInput), Object(Symfony\\Component\\Console\\Output\\ConsoleOutput))
#12 C:\\Users\\Taha Ahmed\\OneDrive\\Desktop\\coding\\laravel\\Personal-Portfolio\\vendor\\laravel\\framework\\src\\Illuminate\\Foundation\\Application.php(1203): Illuminate\\Foundation\\Console\\Kernel->handle(Object(Symfony\\Component\\Console\\Input\\ArgvInput), Object(Symfony\\Component\\Console\\Output\\ConsoleOutput))
#13 C:\\Users\\Taha Ahmed\\OneDrive\\Desktop\\coding\\laravel\\Personal-Portfolio\\artisan(13): Illuminate\\Foundation\\Application->handleCommand(Object(Symfony\\Component\\Console\\Input\\ArgvInput))
#14 {main}
"} 
